apt-get -y install maven

=========

₹21,053.63 credit - 330 days - 08 Jan 2019

====================

Bucket commands for data transfer

https://cloud.google.com/storage/docs/gsutil/commands/cp

http://websystique.com/spring-boot/spring-boot-introduction-hello-world-example/

https://www.coursera.org/learn/gcp-fundamentals

https://cloudacademy.com/blog/google-cloud-certification/

gs://mybucket_07jan2019

gsutil cp gs://mybucket_07jan2019/*.txt .

https://cloud.google.com/sdk/gcloud/reference/compute/instances/list

https://cloud.google.com/compute/docs/instances/transfer-files

gcloud compute instances list

docker push gcr.io/my-project-b8849/abc

https://dzone.com/articles/dockerizing-spring-boot-application-1
https://www.callicoder.com/spring-boot-docker-example/

https://cloud.google.com/compute/docs/containers/deploying-containers

=========================

C:\Users\sandeeppratap.s\OneDrive - HCL Technologies Ltd\Sandeep\SpringBoot\Spring-Boot-REST>mvn clean
C:\Users\sandeeppratap.s\OneDrive - HCL Technologies Ltd\Sandeep\SpringBoot\Spring-Boot-REST>mvn install
C:\Users\sandeeppratap.s\OneDrive - HCL Technologies Ltd\Sandeep\SpringBoot\Spring-Boot-REST>mvn spring-boot:run

===========================

https://spring.io/guides/gs/spring-boot-docker/ 
git clone https://github.com/spring-guides/gs-spring-boot-docker.git

================

Create Git account(sandeeppratap30/EnterOP@123)
Create repository with name cloud-learning
https://github.com/sandeeppratap30/cloud-learning.git

sandeeppratap.s@LP-CND53531DQ MINGW64 ~/OneDrive - HCL Technologies Ltd/Sandeep/GCP Tutorials
$ git clone https://github.com/spring-guides/gs-spring-boot-docker.git
Cloning into 'gs-spring-boot-docker'...
remote: Enumerating objects: 714, done.
remote: Total 714 (delta 0), reused 0 (delta 0), pack-reused 714
Receiving objects: 100% (714/714), 436.06 KiB | 180.00 KiB/s, done.
Resolving deltas: 100% (449/449), done.
Checking out files: 100% (33/33), done.

sandeeppratap.s@LP-CND53531DQ MINGW64 ~/OneDrive - HCL Technologies Ltd/Sandeep/GCP Tutorials
$ dir
Docker  GCP.txt  gs-spring-boot-docker

sandeeppratap.s@LP-CND53531DQ MINGW64 ~/OneDrive - HCL Technologies Ltd/Sandeep/GCP Tutorials
$ cd gs-spring-boot-docker/

sandeeppratap.s@LP-CND53531DQ MINGW64 ~/OneDrive - HCL Technologies Ltd/Sandeep/GCP Tutorials/gs-spring-boot-docker (master)
$ cd ..

sandeeppratap.s@LP-CND53531DQ MINGW64 ~/OneDrive - HCL Technologies Ltd/Sandeep/GCP Tutorials
$ git clone https://github.com/sandeeppratap30/cloud-learning.git
Cloning into 'cloud-learning'...
remote: Enumerating objects: 3, done.
remote: Counting objects: 100% (3/3), done.
remote: Total 3 (delta 0), reused 0 (delta 0), pack-reused 0
Unpacking objects: 100% (3/3), done.

sandeeppratap.s@LP-CND53531DQ MINGW64 ~/OneDrive - HCL Technologies Ltd/Sandeep/GCP Tutorials
$ ^C

sandeeppratap.s@LP-CND53531DQ MINGW64 ~/OneDrive - HCL Technologies Ltd/Sandeep/GCP Tutorials
$ dir
cloud-learning  Docker  GCP.txt  gs-spring-boot-docker

sandeeppratap.s@LP-CND53531DQ MINGW64 ~/OneDrive - HCL Technologies Ltd/Sandeep/GCP Tutorials
$ cd cloud-learning/

sandeeppratap.s@LP-CND53531DQ MINGW64 ~/OneDrive - HCL Technologies Ltd/Sandeep/GCP Tutorials/cloud-learning (master)
$ git checkout -b first-spring-boot-docker
Switched to a new branch 'first-spring-boot-docker'

sandeeppratap.s@LP-CND53531DQ MINGW64 ~/OneDrive - HCL Technologies Ltd/Sandeep/GCP Tutorials/cloud-learning (first-spring-boot-docker)
$ git push origin first-spring-boot-docker
Total 0 (delta 0), reused 0 (delta 0)
remote:
remote: Create a pull request for 'first-spring-boot-docker' on GitHub by visiting:
remote:      https://github.com/sandeeppratap30/cloud-learning/pull/new/first-spring-boot-docker
remote:
To https://github.com/sandeeppratap30/cloud-learning.git
 * [new branch]      first-spring-boot-docker -> first-spring-boot-docker

sandeeppratap.s@LP-CND53531DQ MINGW64 ~/OneDrive - HCL Technologies Ltd/Sandeep/GCP Tutorials/cloud-learning (first-spring-boot-docker)
$ git status
On branch first-spring-boot-docker
nothing to commit, working tree clean

sandeeppratap.s@LP-CND53531DQ MINGW64 ~/OneDrive - HCL Technologies Ltd/Sandeep/GCP Tutorials/cloud-learning (first-spring-boot-docker)
$ git status
On branch first-spring-boot-docker
Untracked files:
  (use "git add <file>..." to include in what will be committed)

        project-01/

nothing added to commit but untracked files present (use "git add" to track)

sandeeppratap.s@LP-CND53531DQ MINGW64 ~/OneDrive - HCL Technologies Ltd/Sandeep/GCP Tutorials/cloud-learning (first-spring-boot-docker)
$ git add project-01

sandeeppratap.s@LP-CND53531DQ MINGW64 ~/OneDrive - HCL Technologies Ltd/Sandeep/GCP Tutorials/cloud-learning (first-spring-boot-docker)
$ git status
On branch first-spring-boot-docker
Changes to be committed:
  (use "git reset HEAD <file>..." to unstage)

        new file:   project-01/.gitignore
        new file:   project-01/.travis.yml
        new file:   project-01/CONTRIBUTING.adoc
        new file:   project-01/LICENSE.code.txt
        new file:   project-01/LICENSE.writing.txt
        new file:   project-01/README.adoc
        new file:   project-01/complete/.jdk8
        new file:   project-01/complete/.mvn/wrapper/maven-wrapper.jar
        new file:   project-01/complete/.mvn/wrapper/maven-wrapper.properties
        new file:   project-01/complete/Dockerfile
        new file:   project-01/complete/build.gradle
        new file:   project-01/complete/gradle/wrapper/gradle-wrapper.jar
        new file:   project-01/complete/gradle/wrapper/gradle-wrapper.properties
        new file:   project-01/complete/gradlew
        new file:   project-01/complete/gradlew.bat
        new file:   project-01/complete/mvnw
        new file:   project-01/complete/mvnw.cmd
        new file:   project-01/complete/pom.xml
        new file:   project-01/complete/src/main/java/hello/Application.java
        new file:   project-01/complete/src/main/resources/application.yml
        new file:   project-01/complete/src/test/java/hello/HelloWorldConfigurationTests.java
        new file:   project-01/initial/.mvn/wrapper/maven-wrapper.jar
        new file:   project-01/initial/.mvn/wrapper/maven-wrapper.properties
        new file:   project-01/initial/build.gradle
        new file:   project-01/initial/gradle/wrapper/gradle-wrapper.jar
        new file:   project-01/initial/gradle/wrapper/gradle-wrapper.properties
        new file:   project-01/initial/gradlew
        new file:   project-01/initial/gradlew.bat
        new file:   project-01/initial/mvnw
        new file:   project-01/initial/mvnw.cmd
        new file:   project-01/initial/pom.xml
        new file:   project-01/initial/src/main/java/hello/Application.java
        new file:   project-01/test/run.sh


sandeeppratap.s@LP-CND53531DQ MINGW64 ~/OneDrive - HCL Technologies Ltd/Sandeep/GCP Tutorials/cloud-learning (first-spring-boot-docker)
$ git commit -m "first spring boot mavan docker project"
[first-spring-boot-docker 555b08c] first spring boot mavan docker project
 Committer: Sandeeppratap Singh <sandeeppratap.s@HCL.COM>
Your name and email address were configured automatically based
on your username and hostname. Please check that they are accurate.
You can suppress this message by setting them explicitly. Run the
following command and follow the instructions in your editor to edit
your configuration file:

    git config --global --edit

After doing this, you may fix the identity used for this commit with:

    git commit --amend --reset-author

 33 files changed, 1977 insertions(+)
 create mode 100644 project-01/.gitignore
 create mode 100644 project-01/.travis.yml
 create mode 100644 project-01/CONTRIBUTING.adoc
 create mode 100644 project-01/LICENSE.code.txt
 create mode 100644 project-01/LICENSE.writing.txt
 create mode 100644 project-01/README.adoc
 create mode 100644 project-01/complete/.jdk8
 create mode 100644 project-01/complete/.mvn/wrapper/maven-wrapper.jar
 create mode 100644 project-01/complete/.mvn/wrapper/maven-wrapper.properties
 create mode 100644 project-01/complete/Dockerfile
 create mode 100644 project-01/complete/build.gradle
 create mode 100644 project-01/complete/gradle/wrapper/gradle-wrapper.jar
 create mode 100644 project-01/complete/gradle/wrapper/gradle-wrapper.properties
 create mode 100644 project-01/complete/gradlew
 create mode 100644 project-01/complete/gradlew.bat
 create mode 100644 project-01/complete/mvnw
 create mode 100644 project-01/complete/mvnw.cmd
 create mode 100644 project-01/complete/pom.xml
 create mode 100644 project-01/complete/src/main/java/hello/Application.java
 create mode 100644 project-01/complete/src/main/resources/application.yml
 create mode 100644 project-01/complete/src/test/java/hello/HelloWorldConfigurationTests.java
 create mode 100644 project-01/initial/.mvn/wrapper/maven-wrapper.jar
 create mode 100644 project-01/initial/.mvn/wrapper/maven-wrapper.properties
 create mode 100644 project-01/initial/build.gradle
 create mode 100644 project-01/initial/gradle/wrapper/gradle-wrapper.jar
 create mode 100644 project-01/initial/gradle/wrapper/gradle-wrapper.properties
 create mode 100644 project-01/initial/gradlew
 create mode 100644 project-01/initial/gradlew.bat
 create mode 100644 project-01/initial/mvnw
 create mode 100644 project-01/initial/mvnw.cmd
 create mode 100644 project-01/initial/pom.xml
 create mode 100644 project-01/initial/src/main/java/hello/Application.java
 create mode 100644 project-01/test/run.sh

sandeeppratap.s@LP-CND53531DQ MINGW64 ~/OneDrive - HCL Technologies Ltd/Sandeep/GCP Tutorials/cloud-learning (first-spring-boot-docker)
$ git status
On branch first-spring-boot-docker
nothing to commit, working tree clean

sandeeppratap.s@LP-CND53531DQ MINGW64 ~/OneDrive - HCL Technologies Ltd/Sandeep/GCP Tutorials/cloud-learning (first-spring-boot-docker)
$ git push origin first-spring-boot-docker
Counting objects: 53, done.
Delta compression using up to 4 threads.
Compressing objects: 100% (39/39), done.
Writing objects: 100% (53/53), 133.56 KiB | 719.00 KiB/s, done.
Total 53 (delta 5), reused 0 (delta 0)
remote: Resolving deltas: 100% (5/5), done.
To https://github.com/sandeeppratap30/cloud-learning.git
   725da23..555b08c  first-spring-boot-docker -> first-spring-boot-docker

sandeeppratap.s@LP-CND53531DQ MINGW64 ~/OneDrive - HCL Technologies Ltd/Sandeep/GCP Tutorials/cloud-learning (first-spring-boot-docker)
$

Delete branch:
---------------
To delete branch switch to that branch :  git checkout HelloWorldJava
Delete Branch(Remote) : git push origin --delete HelloWorldJava
git branch
To delete branch(Local) go to master : git checkout master
Delete branch(local) : git branch -D HelloWorldJava
git branch 